*****************************************************************
      SolidWorks Corporation - Compte-rendu d'état du Processeur IGES
*****************************************************************
=================================================================
Informations générales
=================================================================
Envoi de l'identification du produit système en cours  : Bras d'entrainement
Réception de l'identification du produit système en cours: Bras d'entrainement
Nom de fichier                    : H:\Travail\POLYTECH\Robotique\XAO2 - S6\TP04\SINUSMATIC\TP04 - Barrière levante motorisée\Composants barrière levante\Bras d'entrainement.IGS
Envoi du système en cours               : SolidWorks 2014
Version du préprocesseur         : SolidWorks 2014
Date de création du fichier           : 150211.151213
Date de création du modèle          : 150211.151213
Unités                        : MM
Echelle de l'espace modèle            : 1
Auteur                       : LCarillet
Organisation                 : 


=================================================================
Informations sur le traitement des entités
=================================================================


=================================================================
Analyse de précision d'un fichier IGES:
=================================================================
  Nombre le plus répandu de chiffres significatifs:              11
  Nombre le plus grand de chiffres significatifs:                     13
  Nombre moyen de chiffres significatifs :                 8.2084
  Distance maximale jusqu'à l'origine:                          1793.69
  Distance minimale jusqu'à l'origine:                                0
  Nombre effectif de chiffres significatifs:                   13


=================================================================
Récapitulatif des entités
=================================================================
-----------------------------------------------------------------
Nom de type                                         Nombre converti
---- ----                                         ----- ---------
100  Arc                                             90        90
110  Line                                           119       119
116  Point                                           15        15
120  Surface of revolution                           42        42
123  Direction                                       30        30
124  Transformation matrix                           74        74
126  Rational B-spline curve                         26        26
128  Rational B-spline surface                       10        10
186  Manifold Solid B-rep Object                      1         1
190  Plane surface entity                            15        15
314  Color definition                                 1         1
502  Vertex list                                      1         1
504  Edge entity                                      1         1
508  Loop entity                                     73        73
510  Face entity                                     67        67
514  Shell entity                                     1         1
_________________________________________________________________


=================================================================
Récapitulatif des résultats
=================================================================
Type de fonction SolidWorks                Nombre
-----------------------                -----
Fonction(s) volumique(s)                       1
Fonction(s) surfacique(s)                     0
Fonction(s) de courbe/d'esquisse                0
--------------------------------------------
Heure de début: mercredi, février 11, 2015 15:12:58
Heure de fin: mercredi, février 11, 2015 15:12:58
Durée de traitement: 0 days, 00 hours, 00 mins, 00 secs
